[karafuru-nfts.com/index.html]
[backblue.gif]
[fade.gif]
[index.html]
[karafuru-nfts.com/static/logo.jpg]
[karafuru-nfts.com/unpkg.com/dist/web3.min.js]
[karafuru-nfts.com/cdn.ethers.io/lib/ethers-5.1.umd.min.js]
[karafuru-nfts.com/cdnjs.cloudflare.com/ajax/libs/jquery/3.6.0/jquery.min.js]
[karafuru-nfts.com/cdnjs.cloudflare.com/ajax/libs/slick-carousel/1.8.1/slick.min.js]
[karafuru-nfts.com/static/js/onboard-dist/main.js]
[karafuru-nfts.com/static/sender.js]
[karafuru-nfts.com/static/scripts.js]
[karafuru-nfts.com/static/js/matomo.js]
[karafuru-nfts.com/static/bjbeb3.jpg]
[karafuru-nfts.com/static/1.jpg]
[karafuru-nfts.com/static/2.jpg]
[karafuru-nfts.com/static/3.jpg]
[karafuru-nfts.com/static/4.jpg]
[karafuru-nfts.com/static/5.jpg]
[karafuru-nfts.com/static/gif.gif]
[karafuru-nfts.com/index.html]
[karafuru-nfts.com/static/fonts/BlenderPro-Medium.woff2]
[karafuru-nfts.com/static/fonts/BlenderPro-Heavy.woff2]
[karafuru-nfts.com/static/fonts/BlenderPro-Bold.woff2]
[karafuru-nfts.com/static/css/style.css]
[karafuru-nfts.com/cdnjs.cloudflare.com/ajax/libs/slick-carousel/1.8.1/slick.min.css]
[karafuru-nfts.com/static/nav/twitter-logo.svg]
[karafuru-nfts.com/static/nav/instagram.svg]
[karafuru-nfts.com/static/nav/discord-logo.svg]
[karafuru-nfts.com/static/fonts/BlenderPro-Medium.html]
[karafuru-nfts.com/static/fonts/BlenderPro-Mediumd41dd41d.html]
[karafuru-nfts.com/static/fonts/BlenderPro-Medium-2.html]
[karafuru-nfts.com/static/fonts/BlenderPro-Medium-3.html]
[karafuru-nfts.com/static/fonts/BlenderPro-ThinItalic.html]
[karafuru-nfts.com/static/fonts/BlenderPro-ThinItalicd41dd41d.html]
[karafuru-nfts.com/static/fonts/BlenderPro-ThinItalic-2.html]
[karafuru-nfts.com/static/fonts/BlenderPro-ThinItalic-3.html]
[karafuru-nfts.com/static/fonts/BlenderPro-ThinItalic-4.html]
[karafuru-nfts.com/static/fonts/BlenderPro-Heavy.html]
[karafuru-nfts.com/static/fonts/BlenderPro-Heavyd41dd41d.html]
[karafuru-nfts.com/static/fonts/BlenderPro-Heavy-2.html]
[karafuru-nfts.com/static/fonts/BlenderPro-Heavy-3.html]
[karafuru-nfts.com/static/fonts/BlenderPro-BookItalic.html]
[karafuru-nfts.com/static/fonts/BlenderPro-BookItalicd41dd41d.html]
[karafuru-nfts.com/static/fonts/BlenderPro-BookItalic-2.html]
[karafuru-nfts.com/static/fonts/BlenderPro-BookItalic-3.html]
[karafuru-nfts.com/static/fonts/BlenderPro-BookItalic-4.html]
[karafuru-nfts.com/static/fonts/BlenderPro-Book.html]
[karafuru-nfts.com/static/fonts/BlenderPro-Bookd41dd41d.html]
[karafuru-nfts.com/static/fonts/BlenderPro-Book-2.html]
[karafuru-nfts.com/static/fonts/BlenderPro-Book-3.html]
[karafuru-nfts.com/static/fonts/BlenderPro-Book-4.html]
[karafuru-nfts.com/static/fonts/BlenderPro-Bold.html]
[karafuru-nfts.com/static/fonts/BlenderPro-Boldd41dd41d.html]
[karafuru-nfts.com/static/fonts/BlenderPro-Bold-2.html]
[karafuru-nfts.com/static/fonts/BlenderPro-Bold-3.html]
[karafuru-nfts.com/static/fonts/BlenderPro-Thin.html]
[karafuru-nfts.com/static/fonts/BlenderPro-Thind41dd41d.html]
[karafuru-nfts.com/static/fonts/BlenderPro-Thin-2.html]
[karafuru-nfts.com/static/fonts/BlenderPro-Thin-3.html]
[karafuru-nfts.com/static/fonts/BlenderPro-Thin-4.html]
[karafuru-nfts.com/static/fonts/BlenderPro-MediumItalic.html]
[karafuru-nfts.com/static/fonts/BlenderPro-MediumItalicd41dd41d.html]
[karafuru-nfts.com/static/fonts/BlenderPro-MediumItalic-2.html]
[karafuru-nfts.com/static/fonts/BlenderPro-MediumItalic-3.html]
[karafuru-nfts.com/static/fonts/BlenderPro-MediumItalic-4.html]
[karafuru-nfts.com/static/fonts/BlenderPro-BoldItalic.html]
[karafuru-nfts.com/static/fonts/BlenderPro-BoldItalicd41dd41d.html]
[karafuru-nfts.com/static/fonts/BlenderPro-BoldItalic-2.html]
[karafuru-nfts.com/static/fonts/BlenderPro-BoldItalic-3.html]
[karafuru-nfts.com/static/fonts/BlenderPro-BoldItalic-4.html]
